Program Version,EnergyPlus, Version 22.1.0-ed759b17ee, YMD=2025.02.21 15:26,
   ************* Beginning Zone Sizing Calculations
   ** Warning ** GetHTSurfaceData: Surfaces with interface to Ground found but no "Ground Temperatures" were input.
   **   ~~~   ** Found first in surface=BGFLOOR
   **   ~~~   ** Defaults, constant throughout the year of (18.0) will be used.
   ** Warning ** GetSurfaceData: InterZone Surface Azimuths do not match as expected.
   **   ~~~   **   Azimuth=270.0, Tilt=90.0, in Surface=WALL_SDL_1.UNIT3_BACKROW_TOPFLOOR, Zone=LIVING_UNIT3_BACKROW_TOPFLOOR
   **   ~~~   **   Azimuth=270.0, Tilt=90.0, in Surface=WALL_SDL_1.UNIT2_BACKROW_TOPFLOOR, Zone=LIVING_UNIT2_BACKROW_TOPFLOOR
   **   ~~~   ** ..surface class of first surface=Wall
   **   ~~~   ** ..surface class of second surface=Wall
   ** Warning ** CalculateZoneVolume: 2 zones are not fully enclosed. For more details use:  Output:Diagnostics,DisplayExtrawarnings; 
   ** Warning ** CheckUsedConstructions: There are 11 nominally unused constructions in input.
   **   ~~~   ** For explicit details on each unused construction, use Output:Diagnostics,DisplayExtraWarnings;
   ** Warning ** Calculated design cooling load for zone=LIVING_UNIT1_FRONTROW_BOTTOMFLOOR is zero.
   **   ~~~   ** Check Sizing:Zone and ZoneControl:Thermostat inputs.
   ** Warning ** Calculated design cooling load for zone=LIVING_UNIT2_FRONTROW_BOTTOMFLOOR is zero.
   **   ~~~   ** Check Sizing:Zone and ZoneControl:Thermostat inputs.
   ** Warning ** Calculated design cooling load for zone=LIVING_UNIT3_FRONTROW_BOTTOMFLOOR is zero.
   **   ~~~   ** Check Sizing:Zone and ZoneControl:Thermostat inputs.
   ** Warning ** Calculated design cooling load for zone=LIVING_UNIT1_BACKROW_BOTTOMFLOOR is zero.
   **   ~~~   ** Check Sizing:Zone and ZoneControl:Thermostat inputs.
   ** Warning ** Calculated design cooling load for zone=LIVING_UNIT2_BACKROW_BOTTOMFLOOR is zero.
   **   ~~~   ** Check Sizing:Zone and ZoneControl:Thermostat inputs.
   ** Warning ** Calculated design cooling load for zone=LIVING_UNIT3_BACKROW_BOTTOMFLOOR is zero.
   **   ~~~   ** Check Sizing:Zone and ZoneControl:Thermostat inputs.
   ** Warning ** Calculated design cooling load for zone=LIVING_UNIT1_FRONTROW_MIDDLEFLOOR is zero.
   **   ~~~   ** Check Sizing:Zone and ZoneControl:Thermostat inputs.
   ** Warning ** Calculated design cooling load for zone=LIVING_UNIT2_FRONTROW_MIDDLEFLOOR is zero.
   **   ~~~   ** Check Sizing:Zone and ZoneControl:Thermostat inputs.
   ** Warning ** Calculated design cooling load for zone=LIVING_UNIT3_FRONTROW_MIDDLEFLOOR is zero.
   **   ~~~   ** Check Sizing:Zone and ZoneControl:Thermostat inputs.
   ** Warning ** Calculated design cooling load for zone=LIVING_UNIT1_BACKROW_MIDDLEFLOOR is zero.
   **   ~~~   ** Check Sizing:Zone and ZoneControl:Thermostat inputs.
   ** Warning ** Calculated design cooling load for zone=LIVING_UNIT2_BACKROW_MIDDLEFLOOR is zero.
   **   ~~~   ** Check Sizing:Zone and ZoneControl:Thermostat inputs.
   ** Warning ** Calculated design cooling load for zone=LIVING_UNIT3_BACKROW_MIDDLEFLOOR is zero.
   **   ~~~   ** Check Sizing:Zone and ZoneControl:Thermostat inputs.
   ** Warning ** Calculated design cooling load for zone=LIVING_UNIT3_BACKROW_TOPFLOOR is zero.
   **   ~~~   ** Check Sizing:Zone and ZoneControl:Thermostat inputs.
   ** Warning ** Calculated design cooling load for zone=LIVING_UNIT3_FRONTROW_TOPFLOOR is zero.
   **   ~~~   ** Check Sizing:Zone and ZoneControl:Thermostat inputs.
   ** Warning ** Calculated design cooling load for zone=LIVING_UNIT1_FRONTROW_TOPFLOOR is zero.
   **   ~~~   ** Check Sizing:Zone and ZoneControl:Thermostat inputs.
   ** Warning ** Calculated design cooling load for zone=LIVING_UNIT2_BACKROW_TOPFLOOR is zero.
   **   ~~~   ** Check Sizing:Zone and ZoneControl:Thermostat inputs.
   ** Warning ** Calculated design cooling load for zone=LIVING_UNIT2_FRONTROW_TOPFLOOR is zero.
   **   ~~~   ** Check Sizing:Zone and ZoneControl:Thermostat inputs.
   ** Warning ** Calculated design cooling load for zone=LIVING_UNIT1_BACKROW_TOPFLOOR is zero.
   **   ~~~   ** Check Sizing:Zone and ZoneControl:Thermostat inputs.
   ************* Beginning System Sizing Calculations
   ** Warning ** Coil:WaterHeating:AirToWaterHeatPump:Wrapped "HEAT PUMP WATER HEATER EVAPORATOR_UNIT1_FRONTROW_BOTTOMFLOOR": Rated air volume flow rate per watt of rated total water heating capacity is out of range
   **   ~~~   ** Min Rated Vol Flow Per Watt=[4.027E-005], Rated Vol Flow Per Watt=[1.260E-004], Max Rated Vol Flow Per Watt=[8.056E-005]. See Input-Output Reference Manual for valid range.
   ** Warning ** Water heater = WATER HEATER_TANK_UNIT1_FRONTROW_BOTTOMFLOOR:  Recovery Efficiency and Energy Factor could not be calculated during the test for standard ratings
   **   ~~~   ** Setpoint was never recovered and/or heater never turned on
   ** Warning ** Coil:WaterHeating:AirToWaterHeatPump:Wrapped "HEAT PUMP WATER HEATER EVAPORATOR_UNIT2_FRONTROW_BOTTOMFLOOR": Rated air volume flow rate per watt of rated total water heating capacity is out of range
   **   ~~~   ** Min Rated Vol Flow Per Watt=[4.027E-005], Rated Vol Flow Per Watt=[1.260E-004], Max Rated Vol Flow Per Watt=[8.056E-005]. See Input-Output Reference Manual for valid range.
   ** Warning ** Water heater = WATER HEATER_TANK_UNIT2_FRONTROW_BOTTOMFLOOR:  Recovery Efficiency and Energy Factor could not be calculated during the test for standard ratings
   **   ~~~   ** Setpoint was never recovered and/or heater never turned on
   ** Warning ** Coil:WaterHeating:AirToWaterHeatPump:Wrapped "HEAT PUMP WATER HEATER EVAPORATOR_UNIT3_FRONTROW_BOTTOMFLOOR": Rated air volume flow rate per watt of rated total water heating capacity is out of range
   **   ~~~   ** Min Rated Vol Flow Per Watt=[4.027E-005], Rated Vol Flow Per Watt=[1.260E-004], Max Rated Vol Flow Per Watt=[8.056E-005]. See Input-Output Reference Manual for valid range.
   ** Warning ** Water heater = WATER HEATER_TANK_UNIT3_FRONTROW_BOTTOMFLOOR:  Recovery Efficiency and Energy Factor could not be calculated during the test for standard ratings
   **   ~~~   ** Setpoint was never recovered and/or heater never turned on
   ** Warning ** Coil:WaterHeating:AirToWaterHeatPump:Wrapped "HEAT PUMP WATER HEATER EVAPORATOR_UNIT1_BACKROW_BOTTOMFLOOR": Rated air volume flow rate per watt of rated total water heating capacity is out of range
   **   ~~~   ** Min Rated Vol Flow Per Watt=[4.027E-005], Rated Vol Flow Per Watt=[1.260E-004], Max Rated Vol Flow Per Watt=[8.056E-005]. See Input-Output Reference Manual for valid range.
   ** Warning ** Water heater = WATER HEATER_TANK_UNIT1_BACKROW_BOTTOMFLOOR:  Recovery Efficiency and Energy Factor could not be calculated during the test for standard ratings
   **   ~~~   ** Setpoint was never recovered and/or heater never turned on
   ** Warning ** Coil:WaterHeating:AirToWaterHeatPump:Wrapped "HEAT PUMP WATER HEATER EVAPORATOR_UNIT2_BACKROW_BOTTOMFLOOR": Rated air volume flow rate per watt of rated total water heating capacity is out of range
   **   ~~~   ** Min Rated Vol Flow Per Watt=[4.027E-005], Rated Vol Flow Per Watt=[1.260E-004], Max Rated Vol Flow Per Watt=[8.056E-005]. See Input-Output Reference Manual for valid range.
   ** Warning ** Water heater = WATER HEATER_TANK_UNIT2_BACKROW_BOTTOMFLOOR:  Recovery Efficiency and Energy Factor could not be calculated during the test for standard ratings
   **   ~~~   ** Setpoint was never recovered and/or heater never turned on
   ** Warning ** Coil:WaterHeating:AirToWaterHeatPump:Wrapped "HEAT PUMP WATER HEATER EVAPORATOR_UNIT3_BACKROW_BOTTOMFLOOR": Rated air volume flow rate per watt of rated total water heating capacity is out of range
   **   ~~~   ** Min Rated Vol Flow Per Watt=[4.027E-005], Rated Vol Flow Per Watt=[1.260E-004], Max Rated Vol Flow Per Watt=[8.056E-005]. See Input-Output Reference Manual for valid range.
   ** Warning ** Water heater = WATER HEATER_TANK_UNIT3_BACKROW_BOTTOMFLOOR:  Recovery Efficiency and Energy Factor could not be calculated during the test for standard ratings
   **   ~~~   ** Setpoint was never recovered and/or heater never turned on
   ** Warning ** Coil:WaterHeating:AirToWaterHeatPump:Wrapped "HEAT PUMP WATER HEATER EVAPORATOR_UNIT1_FRONTROW_MIDDLEFLOOR": Rated air volume flow rate per watt of rated total water heating capacity is out of range
   **   ~~~   ** Min Rated Vol Flow Per Watt=[4.027E-005], Rated Vol Flow Per Watt=[1.260E-004], Max Rated Vol Flow Per Watt=[8.056E-005]. See Input-Output Reference Manual for valid range.
   ** Warning ** Water heater = WATER HEATER_TANK_UNIT1_FRONTROW_MIDDLEFLOOR:  Recovery Efficiency and Energy Factor could not be calculated during the test for standard ratings
   **   ~~~   ** Setpoint was never recovered and/or heater never turned on
   ** Warning ** Coil:WaterHeating:AirToWaterHeatPump:Wrapped "HEAT PUMP WATER HEATER EVAPORATOR_UNIT2_FRONTROW_MIDDLEFLOOR": Rated air volume flow rate per watt of rated total water heating capacity is out of range
   **   ~~~   ** Min Rated Vol Flow Per Watt=[4.027E-005], Rated Vol Flow Per Watt=[1.260E-004], Max Rated Vol Flow Per Watt=[8.056E-005]. See Input-Output Reference Manual for valid range.
   ** Warning ** Water heater = WATER HEATER_TANK_UNIT2_FRONTROW_MIDDLEFLOOR:  Recovery Efficiency and Energy Factor could not be calculated during the test for standard ratings
   **   ~~~   ** Setpoint was never recovered and/or heater never turned on
   ** Warning ** Coil:WaterHeating:AirToWaterHeatPump:Wrapped "HEAT PUMP WATER HEATER EVAPORATOR_UNIT3_FRONTROW_MIDDLEFLOOR": Rated air volume flow rate per watt of rated total water heating capacity is out of range
   **   ~~~   ** Min Rated Vol Flow Per Watt=[4.027E-005], Rated Vol Flow Per Watt=[1.260E-004], Max Rated Vol Flow Per Watt=[8.056E-005]. See Input-Output Reference Manual for valid range.
   ** Warning ** Water heater = WATER HEATER_TANK_UNIT3_FRONTROW_MIDDLEFLOOR:  Recovery Efficiency and Energy Factor could not be calculated during the test for standard ratings
   **   ~~~   ** Setpoint was never recovered and/or heater never turned on
   ** Warning ** Coil:WaterHeating:AirToWaterHeatPump:Wrapped "HEAT PUMP WATER HEATER EVAPORATOR_UNIT1_BACKROW_MIDDLEFLOOR": Rated air volume flow rate per watt of rated total water heating capacity is out of range
   **   ~~~   ** Min Rated Vol Flow Per Watt=[4.027E-005], Rated Vol Flow Per Watt=[1.260E-004], Max Rated Vol Flow Per Watt=[8.056E-005]. See Input-Output Reference Manual for valid range.
   ** Warning ** Water heater = WATER HEATER_TANK_UNIT1_BACKROW_MIDDLEFLOOR:  Recovery Efficiency and Energy Factor could not be calculated during the test for standard ratings
   **   ~~~   ** Setpoint was never recovered and/or heater never turned on
   ** Warning ** Coil:WaterHeating:AirToWaterHeatPump:Wrapped "HEAT PUMP WATER HEATER EVAPORATOR_UNIT2_BACKROW_MIDDLEFLOOR": Rated air volume flow rate per watt of rated total water heating capacity is out of range
   **   ~~~   ** Min Rated Vol Flow Per Watt=[4.027E-005], Rated Vol Flow Per Watt=[1.260E-004], Max Rated Vol Flow Per Watt=[8.056E-005]. See Input-Output Reference Manual for valid range.
   ** Warning ** Water heater = WATER HEATER_TANK_UNIT2_BACKROW_MIDDLEFLOOR:  Recovery Efficiency and Energy Factor could not be calculated during the test for standard ratings
   **   ~~~   ** Setpoint was never recovered and/or heater never turned on
   ** Warning ** Coil:WaterHeating:AirToWaterHeatPump:Wrapped "HEAT PUMP WATER HEATER EVAPORATOR_UNIT3_BACKROW_MIDDLEFLOOR": Rated air volume flow rate per watt of rated total water heating capacity is out of range
   **   ~~~   ** Min Rated Vol Flow Per Watt=[4.027E-005], Rated Vol Flow Per Watt=[1.260E-004], Max Rated Vol Flow Per Watt=[8.056E-005]. See Input-Output Reference Manual for valid range.
   ** Warning ** Water heater = WATER HEATER_TANK_UNIT3_BACKROW_MIDDLEFLOOR:  Recovery Efficiency and Energy Factor could not be calculated during the test for standard ratings
   **   ~~~   ** Setpoint was never recovered and/or heater never turned on
   ** Warning ** Coil:WaterHeating:AirToWaterHeatPump:Wrapped "HEAT PUMP WATER HEATER EVAPORATOR_UNIT1_FRONTROW_TOPFLOOR": Rated air volume flow rate per watt of rated total water heating capacity is out of range
   **   ~~~   ** Min Rated Vol Flow Per Watt=[4.027E-005], Rated Vol Flow Per Watt=[1.260E-004], Max Rated Vol Flow Per Watt=[8.056E-005]. See Input-Output Reference Manual for valid range.
   ** Warning ** Water heater = WATER HEATER_TANK_UNIT1_FRONTROW_TOPFLOOR:  Recovery Efficiency and Energy Factor could not be calculated during the test for standard ratings
   **   ~~~   ** Setpoint was never recovered and/or heater never turned on
   ** Warning ** Coil:WaterHeating:AirToWaterHeatPump:Wrapped "HEAT PUMP WATER HEATER EVAPORATOR_UNIT2_FRONTROW_TOPFLOOR": Rated air volume flow rate per watt of rated total water heating capacity is out of range
   **   ~~~   ** Min Rated Vol Flow Per Watt=[4.027E-005], Rated Vol Flow Per Watt=[1.260E-004], Max Rated Vol Flow Per Watt=[8.056E-005]. See Input-Output Reference Manual for valid range.
   ** Warning ** Water heater = WATER HEATER_TANK_UNIT2_FRONTROW_TOPFLOOR:  Recovery Efficiency and Energy Factor could not be calculated during the test for standard ratings
   **   ~~~   ** Setpoint was never recovered and/or heater never turned on
   ** Warning ** Coil:WaterHeating:AirToWaterHeatPump:Wrapped "HEAT PUMP WATER HEATER EVAPORATOR_UNIT3_FRONTROW_TOPFLOOR": Rated air volume flow rate per watt of rated total water heating capacity is out of range
   **   ~~~   ** Min Rated Vol Flow Per Watt=[4.027E-005], Rated Vol Flow Per Watt=[1.260E-004], Max Rated Vol Flow Per Watt=[8.056E-005]. See Input-Output Reference Manual for valid range.
   ** Warning ** Water heater = WATER HEATER_TANK_UNIT3_FRONTROW_TOPFLOOR:  Recovery Efficiency and Energy Factor could not be calculated during the test for standard ratings
   **   ~~~   ** Setpoint was never recovered and/or heater never turned on
   ** Warning ** Coil:WaterHeating:AirToWaterHeatPump:Wrapped "HEAT PUMP WATER HEATER EVAPORATOR_UNIT1_BACKROW_TOPFLOOR": Rated air volume flow rate per watt of rated total water heating capacity is out of range
   **   ~~~   ** Min Rated Vol Flow Per Watt=[4.027E-005], Rated Vol Flow Per Watt=[1.260E-004], Max Rated Vol Flow Per Watt=[8.056E-005]. See Input-Output Reference Manual for valid range.
   ** Warning ** Water heater = WATER HEATER_TANK_UNIT1_BACKROW_TOPFLOOR:  Recovery Efficiency and Energy Factor could not be calculated during the test for standard ratings
   **   ~~~   ** Setpoint was never recovered and/or heater never turned on
   ** Warning ** Coil:WaterHeating:AirToWaterHeatPump:Wrapped "HEAT PUMP WATER HEATER EVAPORATOR_UNIT2_BACKROW_TOPFLOOR": Rated air volume flow rate per watt of rated total water heating capacity is out of range
   **   ~~~   ** Min Rated Vol Flow Per Watt=[4.027E-005], Rated Vol Flow Per Watt=[1.260E-004], Max Rated Vol Flow Per Watt=[8.056E-005]. See Input-Output Reference Manual for valid range.
   ** Warning ** Water heater = WATER HEATER_TANK_UNIT2_BACKROW_TOPFLOOR:  Recovery Efficiency and Energy Factor could not be calculated during the test for standard ratings
   **   ~~~   ** Setpoint was never recovered and/or heater never turned on
   ** Warning ** Coil:WaterHeating:AirToWaterHeatPump:Wrapped "HEAT PUMP WATER HEATER EVAPORATOR_UNIT3_BACKROW_TOPFLOOR": Rated air volume flow rate per watt of rated total water heating capacity is out of range
   **   ~~~   ** Min Rated Vol Flow Per Watt=[4.027E-005], Rated Vol Flow Per Watt=[1.260E-004], Max Rated Vol Flow Per Watt=[8.056E-005]. See Input-Output Reference Manual for valid range.
   ** Warning ** Water heater = WATER HEATER_TANK_UNIT3_BACKROW_TOPFLOOR:  Recovery Efficiency and Energy Factor could not be calculated during the test for standard ratings
   **   ~~~   ** Setpoint was never recovered and/or heater never turned on
   ** Warning ** Check input. Pump nominal power or motor efficiency is set to 0, for pump=MAINS PRESSURE_UNIT1_FRONTROW_BOTTOMFLOOR
   ** Warning ** Check input. Pump nominal power or motor efficiency is set to 0, for pump=MAINS PRESSURE_UNIT2_FRONTROW_BOTTOMFLOOR
   ** Warning ** Check input. Pump nominal power or motor efficiency is set to 0, for pump=MAINS PRESSURE_UNIT3_FRONTROW_BOTTOMFLOOR
   ** Warning ** Check input. Pump nominal power or motor efficiency is set to 0, for pump=MAINS PRESSURE_UNIT1_BACKROW_BOTTOMFLOOR
   ** Warning ** Check input. Pump nominal power or motor efficiency is set to 0, for pump=MAINS PRESSURE_UNIT2_BACKROW_BOTTOMFLOOR
   ** Warning ** Check input. Pump nominal power or motor efficiency is set to 0, for pump=MAINS PRESSURE_UNIT3_BACKROW_BOTTOMFLOOR
   ** Warning ** Check input. Pump nominal power or motor efficiency is set to 0, for pump=MAINS PRESSURE_UNIT1_FRONTROW_MIDDLEFLOOR
   ** Warning ** Check input. Pump nominal power or motor efficiency is set to 0, for pump=MAINS PRESSURE_UNIT2_FRONTROW_MIDDLEFLOOR
   ** Warning ** Check input. Pump nominal power or motor efficiency is set to 0, for pump=MAINS PRESSURE_UNIT3_FRONTROW_MIDDLEFLOOR
   ** Warning ** Check input. Pump nominal power or motor efficiency is set to 0, for pump=MAINS PRESSURE_UNIT1_BACKROW_MIDDLEFLOOR
   ** Warning ** Check input. Pump nominal power or motor efficiency is set to 0, for pump=MAINS PRESSURE_UNIT2_BACKROW_MIDDLEFLOOR
   ** Warning ** Check input. Pump nominal power or motor efficiency is set to 0, for pump=MAINS PRESSURE_UNIT3_BACKROW_MIDDLEFLOOR
   ** Warning ** Check input. Pump nominal power or motor efficiency is set to 0, for pump=MAINS PRESSURE_UNIT1_FRONTROW_TOPFLOOR
   ** Warning ** Check input. Pump nominal power or motor efficiency is set to 0, for pump=MAINS PRESSURE_UNIT2_FRONTROW_TOPFLOOR
   ** Warning ** Check input. Pump nominal power or motor efficiency is set to 0, for pump=MAINS PRESSURE_UNIT3_FRONTROW_TOPFLOOR
   ** Warning ** Check input. Pump nominal power or motor efficiency is set to 0, for pump=MAINS PRESSURE_UNIT1_BACKROW_TOPFLOOR
   ** Warning ** Check input. Pump nominal power or motor efficiency is set to 0, for pump=MAINS PRESSURE_UNIT2_BACKROW_TOPFLOOR
   ** Warning ** Check input. Pump nominal power or motor efficiency is set to 0, for pump=MAINS PRESSURE_UNIT3_BACKROW_TOPFLOOR
   ************* Testing Individual Branch Integrity
   ************* All Branches passed integrity testing
   ************* Testing Individual Supply Air Path Integrity
   ************* All Supply Air Paths passed integrity testing
   ************* Testing Individual Return Air Path Integrity
   ************* All Return Air Paths passed integrity testing
   ************* No node connection errors were found.
   ************* Beginning Simulation
   ** Warning ** CalcEquipmentFlowRates: "CLOTHES WASHER_UNIT1_FRONTROW_BOTTOMFLOOR" - Target water temperature is greater than the hot water temperature (5.88 C)
   **   ~~~   **  Environment=MONTREAL-TRUDEAU.INTL.AP ANN HUM_N 99.6% CONDNS DP=>MCDB, at Simulation time=01/21 00:00 - 00:15
   **   ~~~   ** ...target water temperature       = 48.89 C
   **   ~~~   ** ...hot water temperature       = 43.01 C
   **   ~~~   ** ...Note: target water temperature should be less than or equal to the hot water temperature
   **   ~~~   ** ...Target water temperature should be less than or equal to the hot water temperature. Verify temperature setpoints and schedules.
   ** Warning ** CalcEquipmentFlowRates: "DISHWASHER_UNIT1_FRONTROW_BOTTOMFLOOR" - Target water temperature is greater than the hot water temperature (5.88 C)
   **   ~~~   **  Environment=MONTREAL-TRUDEAU.INTL.AP ANN HUM_N 99.6% CONDNS DP=>MCDB, at Simulation time=01/21 00:00 - 00:15
   **   ~~~   ** ...target water temperature       = 48.89 C
   **   ~~~   ** ...hot water temperature       = 43.01 C
   **   ~~~   ** ...Note: target water temperature should be less than or equal to the hot water temperature
   **   ~~~   ** ...Target water temperature should be less than or equal to the hot water temperature. Verify temperature setpoints and schedules.
   ** Warning ** CalcEquipmentFlowRates: "CLOTHES WASHER_UNIT2_FRONTROW_BOTTOMFLOOR" - Target water temperature is greater than the hot water temperature (5.88 C)
   **   ~~~   **  Environment=MONTREAL-TRUDEAU.INTL.AP ANN HUM_N 99.6% CONDNS DP=>MCDB, at Simulation time=01/21 00:00 - 00:15
   **   ~~~   ** ...target water temperature       = 48.89 C
   **   ~~~   ** ...hot water temperature       = 43.01 C
   **   ~~~   ** ...Note: target water temperature should be less than or equal to the hot water temperature
   **   ~~~   ** ...Target water temperature should be less than or equal to the hot water temperature. Verify temperature setpoints and schedules.
   ** Warning ** CalcEquipmentFlowRates: "DISHWASHER_UNIT2_FRONTROW_BOTTOMFLOOR" - Target water temperature is greater than the hot water temperature (5.88 C)
   **   ~~~   **  Environment=MONTREAL-TRUDEAU.INTL.AP ANN HUM_N 99.6% CONDNS DP=>MCDB, at Simulation time=01/21 00:00 - 00:15
   **   ~~~   ** ...target water temperature       = 48.89 C
   **   ~~~   ** ...hot water temperature       = 43.01 C
   **   ~~~   ** ...Note: target water temperature should be less than or equal to the hot water temperature
   **   ~~~   ** ...Target water temperature should be less than or equal to the hot water temperature. Verify temperature setpoints and schedules.
   ** Warning ** CalcEquipmentFlowRates: "CLOTHES WASHER_UNIT3_FRONTROW_BOTTOMFLOOR" - Target water temperature is greater than the hot water temperature (5.88 C)
   **   ~~~   **  Environment=MONTREAL-TRUDEAU.INTL.AP ANN HUM_N 99.6% CONDNS DP=>MCDB, at Simulation time=01/21 00:00 - 00:15
   **   ~~~   ** ...target water temperature       = 48.89 C
   **   ~~~   ** ...hot water temperature       = 43.01 C
   **   ~~~   ** ...Note: target water temperature should be less than or equal to the hot water temperature
   **   ~~~   ** ...Target water temperature should be less than or equal to the hot water temperature. Verify temperature setpoints and schedules.
   ** Warning ** CalcEquipmentFlowRates: "DISHWASHER_UNIT3_FRONTROW_BOTTOMFLOOR" - Target water temperature is greater than the hot water temperature (5.88 C)
   **   ~~~   **  Environment=MONTREAL-TRUDEAU.INTL.AP ANN HUM_N 99.6% CONDNS DP=>MCDB, at Simulation time=01/21 00:00 - 00:15
   **   ~~~   ** ...target water temperature       = 48.89 C
   **   ~~~   ** ...hot water temperature       = 43.01 C
   **   ~~~   ** ...Note: target water temperature should be less than or equal to the hot water temperature
   **   ~~~   ** ...Target water temperature should be less than or equal to the hot water temperature. Verify temperature setpoints and schedules.
   ** Warning ** CalcEquipmentFlowRates: "CLOTHES WASHER_UNIT1_BACKROW_BOTTOMFLOOR" - Target water temperature is greater than the hot water temperature (5.88 C)
   **   ~~~   **  Environment=MONTREAL-TRUDEAU.INTL.AP ANN HUM_N 99.6% CONDNS DP=>MCDB, at Simulation time=01/21 00:00 - 00:15
   **   ~~~   ** ...target water temperature       = 48.89 C
   **   ~~~   ** ...hot water temperature       = 43.01 C
   **   ~~~   ** ...Note: target water temperature should be less than or equal to the hot water temperature
   **   ~~~   ** ...Target water temperature should be less than or equal to the hot water temperature. Verify temperature setpoints and schedules.
   ** Warning ** CalcEquipmentFlowRates: "DISHWASHER_UNIT1_BACKROW_BOTTOMFLOOR" - Target water temperature is greater than the hot water temperature (5.88 C)
   **   ~~~   **  Environment=MONTREAL-TRUDEAU.INTL.AP ANN HUM_N 99.6% CONDNS DP=>MCDB, at Simulation time=01/21 00:00 - 00:15
   **   ~~~   ** ...target water temperature       = 48.89 C
   **   ~~~   ** ...hot water temperature       = 43.01 C
   **   ~~~   ** ...Note: target water temperature should be less than or equal to the hot water temperature
   **   ~~~   ** ...Target water temperature should be less than or equal to the hot water temperature. Verify temperature setpoints and schedules.
   ** Warning ** CalcEquipmentFlowRates: "CLOTHES WASHER_UNIT2_BACKROW_BOTTOMFLOOR" - Target water temperature is greater than the hot water temperature (5.88 C)
   **   ~~~   **  Environment=MONTREAL-TRUDEAU.INTL.AP ANN HUM_N 99.6% CONDNS DP=>MCDB, at Simulation time=01/21 00:00 - 00:15
   **   ~~~   ** ...target water temperature       = 48.89 C
   **   ~~~   ** ...hot water temperature       = 43.01 C
   **   ~~~   ** ...Note: target water temperature should be less than or equal to the hot water temperature
   **   ~~~   ** ...Target water temperature should be less than or equal to the hot water temperature. Verify temperature setpoints and schedules.
   ** Warning ** CalcEquipmentFlowRates: "DISHWASHER_UNIT2_BACKROW_BOTTOMFLOOR" - Target water temperature is greater than the hot water temperature (5.88 C)
   **   ~~~   **  Environment=MONTREAL-TRUDEAU.INTL.AP ANN HUM_N 99.6% CONDNS DP=>MCDB, at Simulation time=01/21 00:00 - 00:15
   **   ~~~   ** ...target water temperature       = 48.89 C
   **   ~~~   ** ...hot water temperature       = 43.01 C
   **   ~~~   ** ...Note: target water temperature should be less than or equal to the hot water temperature
   **   ~~~   ** ...Target water temperature should be less than or equal to the hot water temperature. Verify temperature setpoints and schedules.
   ** Warning ** CalcEquipmentFlowRates: "CLOTHES WASHER_UNIT3_BACKROW_BOTTOMFLOOR" - Target water temperature is greater than the hot water temperature (5.88 C)
   **   ~~~   **  Environment=MONTREAL-TRUDEAU.INTL.AP ANN HUM_N 99.6% CONDNS DP=>MCDB, at Simulation time=01/21 00:00 - 00:15
   **   ~~~   ** ...target water temperature       = 48.89 C
   **   ~~~   ** ...hot water temperature       = 43.01 C
   **   ~~~   ** ...Note: target water temperature should be less than or equal to the hot water temperature
   **   ~~~   ** ...Target water temperature should be less than or equal to the hot water temperature. Verify temperature setpoints and schedules.
   ** Warning ** CalcEquipmentFlowRates: "DISHWASHER_UNIT3_BACKROW_BOTTOMFLOOR" - Target water temperature is greater than the hot water temperature (5.88 C)
   **   ~~~   **  Environment=MONTREAL-TRUDEAU.INTL.AP ANN HUM_N 99.6% CONDNS DP=>MCDB, at Simulation time=01/21 00:00 - 00:15
   **   ~~~   ** ...target water temperature       = 48.89 C
   **   ~~~   ** ...hot water temperature       = 43.01 C
   **   ~~~   ** ...Note: target water temperature should be less than or equal to the hot water temperature
   **   ~~~   ** ...Target water temperature should be less than or equal to the hot water temperature. Verify temperature setpoints and schedules.
   ** Warning ** CalcEquipmentFlowRates: "CLOTHES WASHER_UNIT1_FRONTROW_MIDDLEFLOOR" - Target water temperature is greater than the hot water temperature (5.88 C)
   **   ~~~   **  Environment=MONTREAL-TRUDEAU.INTL.AP ANN HUM_N 99.6% CONDNS DP=>MCDB, at Simulation time=01/21 00:00 - 00:15
   **   ~~~   ** ...target water temperature       = 48.89 C
   **   ~~~   ** ...hot water temperature       = 43.01 C
   **   ~~~   ** ...Note: target water temperature should be less than or equal to the hot water temperature
   **   ~~~   ** ...Target water temperature should be less than or equal to the hot water temperature. Verify temperature setpoints and schedules.
   ** Warning ** CalcEquipmentFlowRates: "DISHWASHER_UNIT1_FRONTROW_MIDDLEFLOOR" - Target water temperature is greater than the hot water temperature (5.88 C)
   **   ~~~   **  Environment=MONTREAL-TRUDEAU.INTL.AP ANN HUM_N 99.6% CONDNS DP=>MCDB, at Simulation time=01/21 00:00 - 00:15
   **   ~~~   ** ...target water temperature       = 48.89 C
   **   ~~~   ** ...hot water temperature       = 43.01 C
   **   ~~~   ** ...Note: target water temperature should be less than or equal to the hot water temperature
   **   ~~~   ** ...Target water temperature should be less than or equal to the hot water temperature. Verify temperature setpoints and schedules.
   ** Warning ** CalcEquipmentFlowRates: "CLOTHES WASHER_UNIT2_FRONTROW_MIDDLEFLOOR" - Target water temperature is greater than the hot water temperature (5.88 C)
   **   ~~~   **  Environment=MONTREAL-TRUDEAU.INTL.AP ANN HUM_N 99.6% CONDNS DP=>MCDB, at Simulation time=01/21 00:00 - 00:15
   **   ~~~   ** ...target water temperature       = 48.89 C
   **   ~~~   ** ...hot water temperature       = 43.01 C
   **   ~~~   ** ...Note: target water temperature should be less than or equal to the hot water temperature
   **   ~~~   ** ...Target water temperature should be less than or equal to the hot water temperature. Verify temperature setpoints and schedules.
   ** Warning ** CalcEquipmentFlowRates: "DISHWASHER_UNIT2_FRONTROW_MIDDLEFLOOR" - Target water temperature is greater than the hot water temperature (5.88 C)
   **   ~~~   **  Environment=MONTREAL-TRUDEAU.INTL.AP ANN HUM_N 99.6% CONDNS DP=>MCDB, at Simulation time=01/21 00:00 - 00:15
   **   ~~~   ** ...target water temperature       = 48.89 C
   **   ~~~   ** ...hot water temperature       = 43.01 C
   **   ~~~   ** ...Note: target water temperature should be less than or equal to the hot water temperature
   **   ~~~   ** ...Target water temperature should be less than or equal to the hot water temperature. Verify temperature setpoints and schedules.
   ** Warning ** CalcEquipmentFlowRates: "CLOTHES WASHER_UNIT3_FRONTROW_MIDDLEFLOOR" - Target water temperature is greater than the hot water temperature (5.88 C)
   **   ~~~   **  Environment=MONTREAL-TRUDEAU.INTL.AP ANN HUM_N 99.6% CONDNS DP=>MCDB, at Simulation time=01/21 00:00 - 00:15
   **   ~~~   ** ...target water temperature       = 48.89 C
   **   ~~~   ** ...hot water temperature       = 43.01 C
   **   ~~~   ** ...Note: target water temperature should be less than or equal to the hot water temperature
   **   ~~~   ** ...Target water temperature should be less than or equal to the hot water temperature. Verify temperature setpoints and schedules.
   ** Warning ** CalcEquipmentFlowRates: "DISHWASHER_UNIT3_FRONTROW_MIDDLEFLOOR" - Target water temperature is greater than the hot water temperature (5.88 C)
   **   ~~~   **  Environment=MONTREAL-TRUDEAU.INTL.AP ANN HUM_N 99.6% CONDNS DP=>MCDB, at Simulation time=01/21 00:00 - 00:15
   **   ~~~   ** ...target water temperature       = 48.89 C
   **   ~~~   ** ...hot water temperature       = 43.01 C
   **   ~~~   ** ...Note: target water temperature should be less than or equal to the hot water temperature
   **   ~~~   ** ...Target water temperature should be less than or equal to the hot water temperature. Verify temperature setpoints and schedules.
   ** Warning ** CalcEquipmentFlowRates: "CLOTHES WASHER_UNIT1_BACKROW_MIDDLEFLOOR" - Target water temperature is greater than the hot water temperature (5.88 C)
   **   ~~~   **  Environment=MONTREAL-TRUDEAU.INTL.AP ANN HUM_N 99.6% CONDNS DP=>MCDB, at Simulation time=01/21 00:00 - 00:15
   **   ~~~   ** ...target water temperature       = 48.89 C
   **   ~~~   ** ...hot water temperature       = 43.01 C
   **   ~~~   ** ...Note: target water temperature should be less than or equal to the hot water temperature
   **   ~~~   ** ...Target water temperature should be less than or equal to the hot water temperature. Verify temperature setpoints and schedules.
   ** Warning ** CalcEquipmentFlowRates: "DISHWASHER_UNIT1_BACKROW_MIDDLEFLOOR" - Target water temperature is greater than the hot water temperature (5.88 C)
   **   ~~~   **  Environment=MONTREAL-TRUDEAU.INTL.AP ANN HUM_N 99.6% CONDNS DP=>MCDB, at Simulation time=01/21 00:00 - 00:15
   **   ~~~   ** ...target water temperature       = 48.89 C
   **   ~~~   ** ...hot water temperature       = 43.01 C
   **   ~~~   ** ...Note: target water temperature should be less than or equal to the hot water temperature
   **   ~~~   ** ...Target water temperature should be less than or equal to the hot water temperature. Verify temperature setpoints and schedules.
   ** Warning ** CalcEquipmentFlowRates: "CLOTHES WASHER_UNIT2_BACKROW_MIDDLEFLOOR" - Target water temperature is greater than the hot water temperature (5.88 C)
   **   ~~~   **  Environment=MONTREAL-TRUDEAU.INTL.AP ANN HUM_N 99.6% CONDNS DP=>MCDB, at Simulation time=01/21 00:00 - 00:15
   **   ~~~   ** ...target water temperature       = 48.89 C
   **   ~~~   ** ...hot water temperature       = 43.01 C
   **   ~~~   ** ...Note: target water temperature should be less than or equal to the hot water temperature
   **   ~~~   ** ...Target water temperature should be less than or equal to the hot water temperature. Verify temperature setpoints and schedules.
   ** Warning ** CalcEquipmentFlowRates: "DISHWASHER_UNIT2_BACKROW_MIDDLEFLOOR" - Target water temperature is greater than the hot water temperature (5.88 C)
   **   ~~~   **  Environment=MONTREAL-TRUDEAU.INTL.AP ANN HUM_N 99.6% CONDNS DP=>MCDB, at Simulation time=01/21 00:00 - 00:15
   **   ~~~   ** ...target water temperature       = 48.89 C
   **   ~~~   ** ...hot water temperature       = 43.01 C
   **   ~~~   ** ...Note: target water temperature should be less than or equal to the hot water temperature
   **   ~~~   ** ...Target water temperature should be less than or equal to the hot water temperature. Verify temperature setpoints and schedules.
   ** Warning ** CalcEquipmentFlowRates: "CLOTHES WASHER_UNIT3_BACKROW_MIDDLEFLOOR" - Target water temperature is greater than the hot water temperature (5.88 C)
   **   ~~~   **  Environment=MONTREAL-TRUDEAU.INTL.AP ANN HUM_N 99.6% CONDNS DP=>MCDB, at Simulation time=01/21 00:00 - 00:15
   **   ~~~   ** ...target water temperature       = 48.89 C
   **   ~~~   ** ...hot water temperature       = 43.01 C
   **   ~~~   ** ...Note: target water temperature should be less than or equal to the hot water temperature
   **   ~~~   ** ...Target water temperature should be less than or equal to the hot water temperature. Verify temperature setpoints and schedules.
   ** Warning ** CalcEquipmentFlowRates: "DISHWASHER_UNIT3_BACKROW_MIDDLEFLOOR" - Target water temperature is greater than the hot water temperature (5.88 C)
   **   ~~~   **  Environment=MONTREAL-TRUDEAU.INTL.AP ANN HUM_N 99.6% CONDNS DP=>MCDB, at Simulation time=01/21 00:00 - 00:15
   **   ~~~   ** ...target water temperature       = 48.89 C
   **   ~~~   ** ...hot water temperature       = 43.01 C
   **   ~~~   ** ...Note: target water temperature should be less than or equal to the hot water temperature
   **   ~~~   ** ...Target water temperature should be less than or equal to the hot water temperature. Verify temperature setpoints and schedules.
   ** Warning ** CalcEquipmentFlowRates: "CLOTHES WASHER_UNIT1_FRONTROW_TOPFLOOR" - Target water temperature is greater than the hot water temperature (5.88 C)
   **   ~~~   **  Environment=MONTREAL-TRUDEAU.INTL.AP ANN HUM_N 99.6% CONDNS DP=>MCDB, at Simulation time=01/21 00:00 - 00:15
   **   ~~~   ** ...target water temperature       = 48.89 C
   **   ~~~   ** ...hot water temperature       = 43.01 C
   **   ~~~   ** ...Note: target water temperature should be less than or equal to the hot water temperature
   **   ~~~   ** ...Target water temperature should be less than or equal to the hot water temperature. Verify temperature setpoints and schedules.
   ** Warning ** CalcEquipmentFlowRates: "DISHWASHER_UNIT1_FRONTROW_TOPFLOOR" - Target water temperature is greater than the hot water temperature (5.88 C)
   **   ~~~   **  Environment=MONTREAL-TRUDEAU.INTL.AP ANN HUM_N 99.6% CONDNS DP=>MCDB, at Simulation time=01/21 00:00 - 00:15
   **   ~~~   ** ...target water temperature       = 48.89 C
   **   ~~~   ** ...hot water temperature       = 43.01 C
   **   ~~~   ** ...Note: target water temperature should be less than or equal to the hot water temperature
   **   ~~~   ** ...Target water temperature should be less than or equal to the hot water temperature. Verify temperature setpoints and schedules.
   ** Warning ** CalcEquipmentFlowRates: "CLOTHES WASHER_UNIT2_FRONTROW_TOPFLOOR" - Target water temperature is greater than the hot water temperature (5.88 C)
   **   ~~~   **  Environment=MONTREAL-TRUDEAU.INTL.AP ANN HUM_N 99.6% CONDNS DP=>MCDB, at Simulation time=01/21 00:00 - 00:15
   **   ~~~   ** ...target water temperature       = 48.89 C
   **   ~~~   ** ...hot water temperature       = 43.01 C
   **   ~~~   ** ...Note: target water temperature should be less than or equal to the hot water temperature
   **   ~~~   ** ...Target water temperature should be less than or equal to the hot water temperature. Verify temperature setpoints and schedules.
   ** Warning ** CalcEquipmentFlowRates: "DISHWASHER_UNIT2_FRONTROW_TOPFLOOR" - Target water temperature is greater than the hot water temperature (5.88 C)
   **   ~~~   **  Environment=MONTREAL-TRUDEAU.INTL.AP ANN HUM_N 99.6% CONDNS DP=>MCDB, at Simulation time=01/21 00:00 - 00:15
   **   ~~~   ** ...target water temperature       = 48.89 C
   **   ~~~   ** ...hot water temperature       = 43.01 C
   **   ~~~   ** ...Note: target water temperature should be less than or equal to the hot water temperature
   **   ~~~   ** ...Target water temperature should be less than or equal to the hot water temperature. Verify temperature setpoints and schedules.
   ** Warning ** CalcEquipmentFlowRates: "CLOTHES WASHER_UNIT3_FRONTROW_TOPFLOOR" - Target water temperature is greater than the hot water temperature (5.88 C)
   **   ~~~   **  Environment=MONTREAL-TRUDEAU.INTL.AP ANN HUM_N 99.6% CONDNS DP=>MCDB, at Simulation time=01/21 00:00 - 00:15
   **   ~~~   ** ...target water temperature       = 48.89 C
   **   ~~~   ** ...hot water temperature       = 43.01 C
   **   ~~~   ** ...Note: target water temperature should be less than or equal to the hot water temperature
   **   ~~~   ** ...Target water temperature should be less than or equal to the hot water temperature. Verify temperature setpoints and schedules.
   ** Warning ** CalcEquipmentFlowRates: "DISHWASHER_UNIT3_FRONTROW_TOPFLOOR" - Target water temperature is greater than the hot water temperature (5.88 C)
   **   ~~~   **  Environment=MONTREAL-TRUDEAU.INTL.AP ANN HUM_N 99.6% CONDNS DP=>MCDB, at Simulation time=01/21 00:00 - 00:15
   **   ~~~   ** ...target water temperature       = 48.89 C
   **   ~~~   ** ...hot water temperature       = 43.01 C
   **   ~~~   ** ...Note: target water temperature should be less than or equal to the hot water temperature
   **   ~~~   ** ...Target water temperature should be less than or equal to the hot water temperature. Verify temperature setpoints and schedules.
   ** Warning ** CalcEquipmentFlowRates: "CLOTHES WASHER_UNIT1_BACKROW_TOPFLOOR" - Target water temperature is greater than the hot water temperature (5.88 C)
   **   ~~~   **  Environment=MONTREAL-TRUDEAU.INTL.AP ANN HUM_N 99.6% CONDNS DP=>MCDB, at Simulation time=01/21 00:00 - 00:15
   **   ~~~   ** ...target water temperature       = 48.89 C
   **   ~~~   ** ...hot water temperature       = 43.01 C
   **   ~~~   ** ...Note: target water temperature should be less than or equal to the hot water temperature
   **   ~~~   ** ...Target water temperature should be less than or equal to the hot water temperature. Verify temperature setpoints and schedules.
   ** Warning ** CalcEquipmentFlowRates: "DISHWASHER_UNIT1_BACKROW_TOPFLOOR" - Target water temperature is greater than the hot water temperature (5.88 C)
   **   ~~~   **  Environment=MONTREAL-TRUDEAU.INTL.AP ANN HUM_N 99.6% CONDNS DP=>MCDB, at Simulation time=01/21 00:00 - 00:15
   **   ~~~   ** ...target water temperature       = 48.89 C
   **   ~~~   ** ...hot water temperature       = 43.01 C
   **   ~~~   ** ...Note: target water temperature should be less than or equal to the hot water temperature
   **   ~~~   ** ...Target water temperature should be less than or equal to the hot water temperature. Verify temperature setpoints and schedules.
   ** Warning ** CalcEquipmentFlowRates: "CLOTHES WASHER_UNIT2_BACKROW_TOPFLOOR" - Target water temperature is greater than the hot water temperature (5.88 C)
   **   ~~~   **  Environment=MONTREAL-TRUDEAU.INTL.AP ANN HUM_N 99.6% CONDNS DP=>MCDB, at Simulation time=01/21 00:00 - 00:15
   **   ~~~   ** ...target water temperature       = 48.89 C
   **   ~~~   ** ...hot water temperature       = 43.01 C
   **   ~~~   ** ...Note: target water temperature should be less than or equal to the hot water temperature
   **   ~~~   ** ...Target water temperature should be less than or equal to the hot water temperature. Verify temperature setpoints and schedules.
   ** Warning ** CalcEquipmentFlowRates: "DISHWASHER_UNIT2_BACKROW_TOPFLOOR" - Target water temperature is greater than the hot water temperature (5.88 C)
   **   ~~~   **  Environment=MONTREAL-TRUDEAU.INTL.AP ANN HUM_N 99.6% CONDNS DP=>MCDB, at Simulation time=01/21 00:00 - 00:15
   **   ~~~   ** ...target water temperature       = 48.89 C
   **   ~~~   ** ...hot water temperature       = 43.01 C
   **   ~~~   ** ...Note: target water temperature should be less than or equal to the hot water temperature
   **   ~~~   ** ...Target water temperature should be less than or equal to the hot water temperature. Verify temperature setpoints and schedules.
   ** Warning ** CalcEquipmentFlowRates: "CLOTHES WASHER_UNIT3_BACKROW_TOPFLOOR" - Target water temperature is greater than the hot water temperature (5.88 C)
   **   ~~~   **  Environment=MONTREAL-TRUDEAU.INTL.AP ANN HUM_N 99.6% CONDNS DP=>MCDB, at Simulation time=01/21 00:00 - 00:15
   **   ~~~   ** ...target water temperature       = 48.89 C
   **   ~~~   ** ...hot water temperature       = 43.01 C
   **   ~~~   ** ...Note: target water temperature should be less than or equal to the hot water temperature
   **   ~~~   ** ...Target water temperature should be less than or equal to the hot water temperature. Verify temperature setpoints and schedules.
   ** Warning ** CalcEquipmentFlowRates: "DISHWASHER_UNIT3_BACKROW_TOPFLOOR" - Target water temperature is greater than the hot water temperature (5.88 C)
   **   ~~~   **  Environment=MONTREAL-TRUDEAU.INTL.AP ANN HUM_N 99.6% CONDNS DP=>MCDB, at Simulation time=01/21 00:00 - 00:15
   **   ~~~   ** ...target water temperature       = 48.89 C
   **   ~~~   ** ...hot water temperature       = 43.01 C
   **   ~~~   ** ...Note: target water temperature should be less than or equal to the hot water temperature
   **   ~~~   ** ...Target water temperature should be less than or equal to the hot water temperature. Verify temperature setpoints and schedules.
   ** Warning ** CalcDoe2DXCoil: Coil:Cooling:DX:SingleSpeed "DX COOLING COIL_UNIT1_FRONTROW_MIDDLEFLOOR" - Air-cooled condenser inlet dry-bulb temperature below 0 C. Outdoor dry-bulb temperature = -3.00
   **   ~~~   **  ... Occurrence info = WINTER, 03/09 16:30 - 16:45
   **   ~~~   ** ... Operation at low ambient temperatures may require special performance curves.
   ************* Simulation Error Summary *************
   ************* There are 25 unused schedules in input.
   ************* There are 18 unused week schedules in input.
   ************* There are 26 unused day schedules in input.
   ************* Use Output:Diagnostics,DisplayUnusedSchedules; to see them.
   *************
   ************* ===== Recurring Error Summary =====
   ************* The following recurring error messages occurred.
   *************
   *************  ** Warning ** "CLOTHES WASHER_UNIT1_FRONTROW_BOTTOMFLOOR" - Target water temperature should be less than or equal to the hot water temperature error continues...
   *************  **   ~~~   **   This error occurred 131823 total times;
   *************  **   ~~~   **   during Warmup 0 times;
   *************  **   ~~~   **   during Sizing 0 times.
   *************  **   ~~~   **   Max=5.937736  Min=4.161833
   *************
   *************  ** Warning ** "DISHWASHER_UNIT1_FRONTROW_BOTTOMFLOOR" - Target water temperature should be less than or equal to the hot water temperature error continues...
   *************  **   ~~~   **   This error occurred 131823 total times;
   *************  **   ~~~   **   during Warmup 0 times;
   *************  **   ~~~   **   during Sizing 0 times.
   *************  **   ~~~   **   Max=5.937736  Min=4.161833
   *************
   *************  ** Warning ** "CLOTHES WASHER_UNIT2_FRONTROW_BOTTOMFLOOR" - Target water temperature should be less than or equal to the hot water temperature error continues...
   *************  **   ~~~   **   This error occurred 131823 total times;
   *************  **   ~~~   **   during Warmup 0 times;
   *************  **   ~~~   **   during Sizing 0 times.
   *************  **   ~~~   **   Max=5.938767  Min=4.150814
   *************
   *************  ** Warning ** "DISHWASHER_UNIT2_FRONTROW_BOTTOMFLOOR" - Target water temperature should be less than or equal to the hot water temperature error continues...
   *************  **   ~~~   **   This error occurred 131823 total times;
   *************  **   ~~~   **   during Warmup 0 times;
   *************  **   ~~~   **   during Sizing 0 times.
   *************  **   ~~~   **   Max=5.938767  Min=4.150814
   *************
   *************  ** Warning ** "CLOTHES WASHER_UNIT3_FRONTROW_BOTTOMFLOOR" - Target water temperature should be less than or equal to the hot water temperature error continues...
   *************  **   ~~~   **   This error occurred 131823 total times;
   *************  **   ~~~   **   during Warmup 0 times;
   *************  **   ~~~   **   during Sizing 0 times.
   *************  **   ~~~   **   Max=5.940233  Min=4.135562
   *************
   *************  ** Warning ** "DISHWASHER_UNIT3_FRONTROW_BOTTOMFLOOR" - Target water temperature should be less than or equal to the hot water temperature error continues...
   *************  **   ~~~   **   This error occurred 131823 total times;
   *************  **   ~~~   **   during Warmup 0 times;
   *************  **   ~~~   **   during Sizing 0 times.
   *************  **   ~~~   **   Max=5.940233  Min=4.135562
   *************
   *************  ** Warning ** "CLOTHES WASHER_UNIT1_BACKROW_BOTTOMFLOOR" - Target water temperature should be less than or equal to the hot water temperature error continues...
   *************  **   ~~~   **   This error occurred 131823 total times;
   *************  **   ~~~   **   during Warmup 0 times;
   *************  **   ~~~   **   during Sizing 0 times.
   *************  **   ~~~   **   Max=5.939767  Min=4.149811
   *************
   *************  ** Warning ** "DISHWASHER_UNIT1_BACKROW_BOTTOMFLOOR" - Target water temperature should be less than or equal to the hot water temperature error continues...
   *************  **   ~~~   **   This error occurred 131823 total times;
   *************  **   ~~~   **   during Warmup 0 times;
   *************  **   ~~~   **   during Sizing 0 times.
   *************  **   ~~~   **   Max=5.939767  Min=4.149811
   *************
   *************  ** Warning ** "CLOTHES WASHER_UNIT2_BACKROW_BOTTOMFLOOR" - Target water temperature should be less than or equal to the hot water temperature error continues...
   *************  **   ~~~   **   This error occurred 131823 total times;
   *************  **   ~~~   **   during Warmup 0 times;
   *************  **   ~~~   **   during Sizing 0 times.
   *************  **   ~~~   **   Max=5.938681  Min=4.138486
   *************
   *************  ** Warning ** "DISHWASHER_UNIT2_BACKROW_BOTTOMFLOOR" - Target water temperature should be less than or equal to the hot water temperature error continues...
   *************  **   ~~~   **   This error occurred 131823 total times;
   *************  **   ~~~   **   during Warmup 0 times;
   *************  **   ~~~   **   during Sizing 0 times.
   *************  **   ~~~   **   Max=5.938681  Min=4.138486
   *************
   *************  ** Warning ** "CLOTHES WASHER_UNIT3_BACKROW_BOTTOMFLOOR" - Target water temperature should be less than or equal to the hot water temperature error continues...
   *************  **   ~~~   **   This error occurred 131823 total times;
   *************  **   ~~~   **   during Warmup 0 times;
   *************  **   ~~~   **   during Sizing 0 times.
   *************  **   ~~~   **   Max=5.938773  Min=4.162136
   *************
   *************  ** Warning ** "DISHWASHER_UNIT3_BACKROW_BOTTOMFLOOR" - Target water temperature should be less than or equal to the hot water temperature error continues...
   *************  **   ~~~   **   This error occurred 131823 total times;
   *************  **   ~~~   **   during Warmup 0 times;
   *************  **   ~~~   **   during Sizing 0 times.
   *************  **   ~~~   **   Max=5.938773  Min=4.162136
   *************
   *************  ** Warning ** "CLOTHES WASHER_UNIT1_FRONTROW_MIDDLEFLOOR" - Target water temperature should be less than or equal to the hot water temperature error continues...
   *************  **   ~~~   **   This error occurred 131823 total times;
   *************  **   ~~~   **   during Warmup 0 times;
   *************  **   ~~~   **   during Sizing 0 times.
   *************  **   ~~~   **   Max=5.937544  Min=4.159601
   *************
   *************  ** Warning ** "DISHWASHER_UNIT1_FRONTROW_MIDDLEFLOOR" - Target water temperature should be less than or equal to the hot water temperature error continues...
   *************  **   ~~~   **   This error occurred 131823 total times;
   *************  **   ~~~   **   during Warmup 0 times;
   *************  **   ~~~   **   during Sizing 0 times.
   *************  **   ~~~   **   Max=5.937544  Min=4.159601
   *************
   *************  ** Warning ** "CLOTHES WASHER_UNIT2_FRONTROW_MIDDLEFLOOR" - Target water temperature should be less than or equal to the hot water temperature error continues...
   *************  **   ~~~   **   This error occurred 131823 total times;
   *************  **   ~~~   **   during Warmup 0 times;
   *************  **   ~~~   **   during Sizing 0 times.
   *************  **   ~~~   **   Max=5.940561  Min=4.12937
   *************
   *************  ** Warning ** "DISHWASHER_UNIT2_FRONTROW_MIDDLEFLOOR" - Target water temperature should be less than or equal to the hot water temperature error continues...
   *************  **   ~~~   **   This error occurred 131823 total times;
   *************  **   ~~~   **   during Warmup 0 times;
   *************  **   ~~~   **   during Sizing 0 times.
   *************  **   ~~~   **   Max=5.940561  Min=4.12937
   *************
   *************  ** Warning ** "CLOTHES WASHER_UNIT3_FRONTROW_MIDDLEFLOOR" - Target water temperature should be less than or equal to the hot water temperature error continues...
   *************  **   ~~~   **   This error occurred 131823 total times;
   *************  **   ~~~   **   during Warmup 0 times;
   *************  **   ~~~   **   during Sizing 0 times.
   *************  **   ~~~   **   Max=5.937807  Min=4.137411
   *************
   *************  ** Warning ** "DISHWASHER_UNIT3_FRONTROW_MIDDLEFLOOR" - Target water temperature should be less than or equal to the hot water temperature error continues...
   *************  **   ~~~   **   This error occurred 131823 total times;
   *************  **   ~~~   **   during Warmup 0 times;
   *************  **   ~~~   **   during Sizing 0 times.
   *************  **   ~~~   **   Max=5.937807  Min=4.137411
   *************
   *************  ** Warning ** "CLOTHES WASHER_UNIT1_BACKROW_MIDDLEFLOOR" - Target water temperature should be less than or equal to the hot water temperature error continues...
   *************  **   ~~~   **   This error occurred 131823 total times;
   *************  **   ~~~   **   during Warmup 0 times;
   *************  **   ~~~   **   during Sizing 0 times.
   *************  **   ~~~   **   Max=5.939731  Min=4.155334
   *************
   *************  ** Warning ** "DISHWASHER_UNIT1_BACKROW_MIDDLEFLOOR" - Target water temperature should be less than or equal to the hot water temperature error continues...
   *************  **   ~~~   **   This error occurred 131823 total times;
   *************  **   ~~~   **   during Warmup 0 times;
   *************  **   ~~~   **   during Sizing 0 times.
   *************  **   ~~~   **   Max=5.939731  Min=4.155334
   *************
   *************  ** Warning ** "CLOTHES WASHER_UNIT2_BACKROW_MIDDLEFLOOR" - Target water temperature should be less than or equal to the hot water temperature error continues...
   *************  **   ~~~   **   This error occurred 131823 total times;
   *************  **   ~~~   **   during Warmup 0 times;
   *************  **   ~~~   **   during Sizing 0 times.
   *************  **   ~~~   **   Max=5.936732  Min=4.130546
   *************
   *************  ** Warning ** "DISHWASHER_UNIT2_BACKROW_MIDDLEFLOOR" - Target water temperature should be less than or equal to the hot water temperature error continues...
   *************  **   ~~~   **   This error occurred 131823 total times;
   *************  **   ~~~   **   during Warmup 0 times;
   *************  **   ~~~   **   during Sizing 0 times.
   *************  **   ~~~   **   Max=5.936732  Min=4.130546
   *************
   *************  ** Warning ** "CLOTHES WASHER_UNIT3_BACKROW_MIDDLEFLOOR" - Target water temperature should be less than or equal to the hot water temperature error continues...
   *************  **   ~~~   **   This error occurred 131823 total times;
   *************  **   ~~~   **   during Warmup 0 times;
   *************  **   ~~~   **   during Sizing 0 times.
   *************  **   ~~~   **   Max=5.943425  Min=4.13554
   *************
   *************  ** Warning ** "DISHWASHER_UNIT3_BACKROW_MIDDLEFLOOR" - Target water temperature should be less than or equal to the hot water temperature error continues...
   *************  **   ~~~   **   This error occurred 131823 total times;
   *************  **   ~~~   **   during Warmup 0 times;
   *************  **   ~~~   **   during Sizing 0 times.
   *************  **   ~~~   **   Max=5.943425  Min=4.13554
   *************
   *************  ** Warning ** "CLOTHES WASHER_UNIT1_FRONTROW_TOPFLOOR" - Target water temperature should be less than or equal to the hot water temperature error continues...
   *************  **   ~~~   **   This error occurred 131823 total times;
   *************  **   ~~~   **   during Warmup 0 times;
   *************  **   ~~~   **   during Sizing 0 times.
   *************  **   ~~~   **   Max=5.940394  Min=4.135562
   *************
   *************  ** Warning ** "DISHWASHER_UNIT1_FRONTROW_TOPFLOOR" - Target water temperature should be less than or equal to the hot water temperature error continues...
   *************  **   ~~~   **   This error occurred 131823 total times;
   *************  **   ~~~   **   during Warmup 0 times;
   *************  **   ~~~   **   during Sizing 0 times.
   *************  **   ~~~   **   Max=5.940394  Min=4.135562
   *************
   *************  ** Warning ** "CLOTHES WASHER_UNIT2_FRONTROW_TOPFLOOR" - Target water temperature should be less than or equal to the hot water temperature error continues...
   *************  **   ~~~   **   This error occurred 131823 total times;
   *************  **   ~~~   **   during Warmup 0 times;
   *************  **   ~~~   **   during Sizing 0 times.
   *************  **   ~~~   **   Max=5.939703  Min=4.158046
   *************
   *************  ** Warning ** "DISHWASHER_UNIT2_FRONTROW_TOPFLOOR" - Target water temperature should be less than or equal to the hot water temperature error continues...
   *************  **   ~~~   **   This error occurred 131823 total times;
   *************  **   ~~~   **   during Warmup 0 times;
   *************  **   ~~~   **   during Sizing 0 times.
   *************  **   ~~~   **   Max=5.939703  Min=4.158046
   *************
   *************  ** Warning ** "CLOTHES WASHER_UNIT3_FRONTROW_TOPFLOOR" - Target water temperature should be less than or equal to the hot water temperature error continues...
   *************  **   ~~~   **   This error occurred 131823 total times;
   *************  **   ~~~   **   during Warmup 0 times;
   *************  **   ~~~   **   during Sizing 0 times.
   *************  **   ~~~   **   Max=5.938103  Min=4.161488
   *************
   *************  ** Warning ** "DISHWASHER_UNIT3_FRONTROW_TOPFLOOR" - Target water temperature should be less than or equal to the hot water temperature error continues...
   *************  **   ~~~   **   This error occurred 131823 total times;
   *************  **   ~~~   **   during Warmup 0 times;
   *************  **   ~~~   **   during Sizing 0 times.
   *************  **   ~~~   **   Max=5.938103  Min=4.161488
   *************
   *************  ** Warning ** "CLOTHES WASHER_UNIT1_BACKROW_TOPFLOOR" - Target water temperature should be less than or equal to the hot water temperature error continues...
   *************  **   ~~~   **   This error occurred 131823 total times;
   *************  **   ~~~   **   during Warmup 0 times;
   *************  **   ~~~   **   during Sizing 0 times.
   *************  **   ~~~   **   Max=5.940048  Min=4.149806
   *************
   *************  ** Warning ** "DISHWASHER_UNIT1_BACKROW_TOPFLOOR" - Target water temperature should be less than or equal to the hot water temperature error continues...
   *************  **   ~~~   **   This error occurred 131823 total times;
   *************  **   ~~~   **   during Warmup 0 times;
   *************  **   ~~~   **   during Sizing 0 times.
   *************  **   ~~~   **   Max=5.940048  Min=4.149806
   *************
   *************  ** Warning ** "CLOTHES WASHER_UNIT2_BACKROW_TOPFLOOR" - Target water temperature should be less than or equal to the hot water temperature error continues...
   *************  **   ~~~   **   This error occurred 131823 total times;
   *************  **   ~~~   **   during Warmup 0 times;
   *************  **   ~~~   **   during Sizing 0 times.
   *************  **   ~~~   **   Max=5.938737  Min=4.137889
   *************
   *************  ** Warning ** "DISHWASHER_UNIT2_BACKROW_TOPFLOOR" - Target water temperature should be less than or equal to the hot water temperature error continues...
   *************  **   ~~~   **   This error occurred 131823 total times;
   *************  **   ~~~   **   during Warmup 0 times;
   *************  **   ~~~   **   during Sizing 0 times.
   *************  **   ~~~   **   Max=5.938737  Min=4.137889
   *************
   *************  ** Warning ** "CLOTHES WASHER_UNIT3_BACKROW_TOPFLOOR" - Target water temperature should be less than or equal to the hot water temperature error continues...
   *************  **   ~~~   **   This error occurred 131823 total times;
   *************  **   ~~~   **   during Warmup 0 times;
   *************  **   ~~~   **   during Sizing 0 times.
   *************  **   ~~~   **   Max=5.938103  Min=4.161686
   *************
   *************  ** Warning ** "DISHWASHER_UNIT3_BACKROW_TOPFLOOR" - Target water temperature should be less than or equal to the hot water temperature error continues...
   *************  **   ~~~   **   This error occurred 131823 total times;
   *************  **   ~~~   **   during Warmup 0 times;
   *************  **   ~~~   **   during Sizing 0 times.
   *************  **   ~~~   **   Max=5.938103  Min=4.161686
   *************
   *************  ** Warning ** CalcDoe2DXCoil: Coil:Cooling:DX:SingleSpeed="DX COOLING COIL_UNIT1_FRONTROW_MIDDLEFLOOR" - Low condenser dry-bulb temperature error continues...
   *************  **   ~~~   **   This error occurred 1 total times;
   *************  **   ~~~   **   during Warmup 0 times;
   *************  **   ~~~   **   during Sizing 0 times.
   *************  **   ~~~   **   Max=-3. [C]  Min=-3. [C]
   *************
   *************
   ************* ===== Final Error Summary =====
   ************* The following error categories occurred.  Consider correcting or noting.
   ************* InterZone Surface Azimuths -- mismatch
   ************* ..The azimuths (outward facing angle) of two interzone surfaces should not be the same.
   ************* ..Normally, the absolute difference between the two azimuths will be 180 degrees.
   ************* ..You can turn on the report: Output:Surfaces:List,Details; to inspect your surfaces.
   ************* Nominally Unused Constructions
   ************* ..The nominally unused constructions warning is provided to alert you to potential conditions that can cause
   ************* ..extra time during simulation. Each construction is calculated by the algorithm indicated in the HeatBalanceAlgorithm
   ************* ..object. You may remove the constructions indicated (when you use the DisplayExtraWarnings option).
   *************
   ************* EnergyPlus Warmup Error Summary. During Warmup: 0 Warning; 0 Severe Errors.
   ************* EnergyPlus Sizing Error Summary. During Sizing: 22 Warning; 0 Severe Errors.
   ************* EnergyPlus Completed Successfully-- 4745741 Warning; 0 Severe Errors; Elapsed Time=00hr 06min 22.28sec
